
Checking handling of options.

No addresses.
Calling module `pam_krb5.so'.
`Password: ' -> `foo'
AUTH	0	Success
ESTCRED	0	Success
0
DELCRED	0	Success
