
Checking handling of options.

I
Calling module `pam_krb5.so'.
`Password: ' -> `foo'
AUTH	0	Success
ESTCRED	0	Success
I
DELCRED	0	Success
