
Checking handling of options.

FPRI
Calling module `pam_krb5.so'.
`Password: ' -> `foo'
AUTH	0	Success
ESTCRED	0	Success
FPRI
DELCRED	0	Success
