
Checking handling of options.

With local and extra addresses.
Calling module `pam_krb5.so'.
`Password: ' -> `foo'
AUTH	0	Success
ESTCRED	0	Success
1
DELCRED	0	Success
