
Checking handling of options.

Renewable lifetime 1 hour.
Calling module `pam_krb5.so'.
`Password: ' -> `foo'
AUTH	0	Success
ESTCRED	0	Success
3600
DELCRED	0	Success
